################################################################################
#                                                                              #
#      IAR Universal Linker V6.0.3.49                                          #
#                                                                              #
#           Link time     =  09/Jan/2020  09:44:40                             #
#           Target CPU    =  RL78                                              #
#           List file     =  vcast.map                                         #
#           Output file 1 =  C:\Users\zhu1\Downloads\SW_Need_Change_Managemant #
#                            \GEEA2.0\E4-2_SW\RLS_SYS_RLS_GP_RLXS_GEN5_DEV_APL #
#                            _GEELY2.0_RLFS_FOR_E4_03\05_SwDev\01_SrcCode\Appl #
#                            ication\CustomerInterface\ModuleTest\123456789\UU #
#                            T_INST.d87                                        #
#                            Format: debug                                     #
#                            UBROF version 10.0.6                              #
#                            Using library modules for C-SPY (-rt)             #
#           Command line  =  -l vcast.map -xsmn -o UUT_INST.d87 B0000001.r87   #
#                            B0000002.r87 S0000003.r87 B0000008.r87            #
#                            B0000004.r87 B0000007.r87 vcast_stdin_data.r87    #
#                            B1_switch.r87 B4_switch.r87 S3_switch.r87         #
#                            I0000009.r87                                      #
#                            "-IC:\Program Files (x86)\IAR Systems\Embedded Wo #
#                            rkbench 7.0\rl78\LIB"                             #
#                            -f lnkr5f10pgj.xcl (-cRL78                        #
#                            -Z(CODE)INTVEC=00000-0007F                        #
#                            -Z(CODE)CLTVEC=00080-000BF                        #
#                            -Z(CODE)OPTBYTE=000C0-000C3                       #
#                            -Z(CODE)SECUID=000C4-000CD --segment_mirror       #
#                            @NEAR_CONST=NEAR_CONST_ID                         #
#                            -Z(CONST)NEAR_CONST_ID=_NEAR_CONST_LOCATION_START #
#                            -_NEAR_CONST_LOCATION_END                         #
#                            -Z(DATA)NEAR_CONST=(_NEAR_CONST_LOCATION_START|F0 #
#                            000)-(_NEAR_CONST_LOCATION_END|F0000)             #
#                            -Z(CODE)RCODE,CODE=000D8-0FFFF                    #
#                            -Z(CONST)SWITCH=000D8-0FDFF                       #
#                            -Z(CONST)NEAR_ID=[000D8-0FDFF]/10000              #
#                            -Z(CONST)SADDR_ID=[000D8-0FDFF]/10000             #
#                            -Z(CONST)DIFUNCT=[000D8-0FDFF]/10000              #
#                            -Z(CONST)HUGE_ID=0AF00-3FDFF                      #
#                            -Z(DATA)HUGE_I=FAF00-FFE1F                        #
#                            -Z(CONST)FAR_ID=[0AF00-3FDFF]/10000               #
#                            -Z(DATA)FAR_I=[FAF00-FFE1F]/10000                 #
#                            -P(CONST)HUGE_CONST=000D8-3FDFF                   #
#                            -P(CONST)FAR_CONST,END_BOOTSEG_TWO,BOOTSEG_TWO,FS #
#                            WITCH=[000D8-3FDFF]/10000                         #
#                            -P(CODE)XCODE=[000D8-3FDFF]/10000                 #
#                            -Z(CONST)EEPROM=F1000-F2FFF                       #
#                            -Z(DATA)WRKSEG=FFE20-FFEDF                        #
#                            -Z(DATA)SADDR_I,SADDR_Z,SADDR_N=FFE20-FFEDF       #
#                            -Z(DATA)NEAR_I,NEAR_Z,NEAR_N=FAF00-FFE1F          #
#                            -Z(DATA)HUGE_Z=FAF00-FFE1F                        #
#                            -P(DATA)HUGE_N=FAF00-FFE1F                        #
#                            -Z(DATA)FAR_Z=[FAF00-FFE1F]/10000                 #
#                            -P(DATA)FAR_N=[FAF00-FFE1F]/10000                 #
#                            -Z(DATA)NEAR_HEAP+_NEAR_HEAP_SIZE=FAF00-FFE1F     #
#                            -Z(DATA)FAR_HEAP+_FAR_HEAP_SIZE=[FAF00-FFE1F]/100 #
#                            00                                                #
#                            -Z(DATA)RAM_GUARD=FAF00-FFE1F                     #
#                            -Z(DATA)CSTACK+_CSTACK_SIZE=FAF00-FFE1F) -Hff     #
#                            -rt -s __program_start -D_NEAR_CONST_LOCATION=0   #
#                            -D_NEAR_CONST_LOCATION_START=3000                 #
#                            -D_NEAR_CONST_LOCATION_END=AEFF                   #
#                            "C:\Program Files (x86)\IAR Systems\Embedded Work #
#                            bench 7.0\rl78\LIB\dlrl78fn2n.r87"                #
#                            -e_PrintfSmall=_Printf -e_ScanfSmall=_Scanf       #
#                            -D_CSTACK_SIZE=400 -D_NEAR_HEAP_SIZE=400          #
#                            -D_HUGE_HEAP_SIZE=200 -D_FAR_HEAP_SIZE=200        #
#                                                                              #
#                           Copyright (C) 1987-2014 IAR Systems AB.            #
################################################################################





                ****************************************
                *                                      *
                *           CROSS REFERENCE            *
                *                                      *
                ****************************************

       Program entry at :           000000DE  Relocatable, from module : ?CSTARTUP




                ****************************************
                *                                      *
                *            RUNTIME MODEL             *
                *                                      *
                ****************************************

  __Heap_Handler             = Basic
  __SystemLibrary            = DLib
  __code_model               = far
  __core                     = rl78_2
  __data_model               = near
  __dlib_file_descriptor     = 0
  __dlib_full_locale_support = 0
  __far_rt_calls             = false
  __rt_version               = 1

                ****************************************
                *                                      *
                *    AUTOMATIC SYMBOL REDIRECTIONS     *
                *                                      *
                ****************************************

                  There are no automatic symbol redirections.



                ****************************************
                *                                      *
                *              MODULE MAP              *
                *                                      *
                ****************************************


  DEFINED ABSOLUTE ENTRIES
  PROGRAM MODULE, NAME : ?ABS_ENTRY_MOD

Absolute parts
           ENTRY                   ADDRESS         REF BY
           =====                   =======         ======
           _FAR_HEAP_SIZE          00000200 
           _HUGE_HEAP_SIZE         00000200 
           _NEAR_HEAP_SIZE         00000400 
           _CSTACK_SIZE            00000400 
           _NEAR_CONST_LOCATION_END
                                   0000AEFF 
           _NEAR_CONST_LOCATION_START
                                   00003000 
           _NEAR_CONST_LOCATION    00000000        Segment part 4 (?CSTARTUP)
    *************************************************************************

  FILE NAME : C:\Users\zhu1\Downloads\SW_Need_Change_Managemant\GEEA2.0\E4-2_SW\RLS_SYS_RLS_GP_RLXS_GEN5_DEV_APL_GEELY2.0_RLFS_FOR_E4_03\05_SwDev\01_SrcCode\Application\CustomerInterface\ModuleTest\123456789\B0000001.r87
  PROGRAM MODULE, NAME : B0000001

  SEGMENTS IN THE MODULE
  ======================
NEAR_Z
  Relative segment, address: 000FAF74 - 000FAFB3 (0x40 bytes), align: 1
  Segment part 20.            Intra module refs:   VCAST_FIND_INDEX
                                                   VCAST_TI_STRING
                                                   vCAST_RUN_DATA_IF
                                                   vcast_get_param_value_with_index
                                                   vcast_get_range_value
                                                   vcast_proc_handles_command
           ENTRY                   ADDRESS         REF BY
           =====                   =======         ======
           vCAST_PARAMETER         000FAF74 
    -------------------------------------------------------------------------
NEAR_Z
  Relative segment, address: 000FAFB4 - 000FAFF3 (0x40 bytes), align: 1
  Segment part 21.            Intra module refs:   vCAST_RUN_DATA_IF
           ENTRY                   ADDRESS         REF BY
           =====                   =======         ======
           vCAST_PARAMETER_KEY     000FAFB4 
    -------------------------------------------------------------------------
NEAR_Z
  Relative segment, address: 000FAFF4 - 000FAFF7 (0x4 bytes), align: 1
  Segment part 22.            Intra module refs:   vCAST_RUN_DATA_IF
                                                   vcastInitializeB1Data
           ENTRY                   ADDRESS         REF BY
           =====                   =======         ======
           vCAST_VALUE_INT         000FAFF4        VCAST_TI_8_1 (B0000008)
                                                   VCAST_TI_8_2 (B0000008)
                                                   VCAST_TI_9_9 (I0000009)
    -------------------------------------------------------------------------
NEAR_Z
  Relative segment, address: 000FAFF8 - 000FAFFB (0x4 bytes), align: 1
  Segment part 23.            Intra module refs:   VCAST_TI_BITFIELD
                                                   vCAST_RUN_DATA_IF
                                                   vcastInitializeB1Data
           ENTRY                   ADDRESS         REF BY
           =====                   =======         ======
           vCAST_VALUE_UNSIGNED    000FAFF8        VCAST_TI_9_31 (I0000009)
                                                   VCAST_TI_9_6 (I0000009)
    -------------------------------------------------------------------------
NEAR_Z
  Relative segment, address: 000FAFFC - 000FAFFF (0x4 bytes), align: 1
  Segment part 24.            Intra module refs:   VCAST_TI_BITFIELD
                                                   vCAST_RUN_DATA_IF
                                                   vcastInitializeB1Data
           ENTRY                   ADDRESS         REF BY
           =====                   =======         ======
           vCAST_VALUE             000FAFFC        VCAST_TI_8_3 (B0000008)
                                                   VCAST_TI_9_1 (I0000009)
                                                   vcast_B1_switch (B1_switch)
    -------------------------------------------------------------------------
NEAR_Z
  Relative segment, address: 000FB000 - 000FB001 (0x2 bytes), align: 1
  Segment part 25.            Intra module refs:   vCAST_RUN_DATA_IF
           ENTRY                   ADDRESS         REF BY
           =====                   =======         ======
           vCAST_FILE              000FB000 
    -------------------------------------------------------------------------
NEAR_Z
  Relative segment, address: 000FB002 - 000FB003 (0x2 bytes), align: 1
  Segment part 26.            Intra module refs:   VCAST_FIND_INDEX
                                                   vCAST_RUN_DATA_IF
                                                   vcast_proc_handles_command
           ENTRY                   ADDRESS         REF BY
           =====                   =======         ======
           vCAST_PARAM_LENGTH      000FB002 
    -------------------------------------------------------------------------
NEAR_Z
  Relative segment, address: 000FB004 - 000FB005 (0x2 bytes), align: 1
  Segment part 27.            Intra module refs:   VCAST_TI_STRING
                                                   vCAST_RUN_DATA_IF
                                                   vcastInitializeB1Data
           ENTRY                   ADDRESS         REF BY
           =====                   =======         ======
           vCAST_INDEX             000FB004 
    -------------------------------------------------------------------------
NEAR_I
  Relative segment, address: 000FAF00 - 000FAF01 (0x2 bytes), align: 1
  Segment part 28.            Intra module refs:   VCAST_FIND_INDEX
                                                   vCAST_RUN_DATA_IF
                                                   vcastInitializeB1Data
                                                   vcast_get_param
                                                   vcast_get_range_value
                                                   vcast_proc_handles_command
           ENTRY                   ADDRESS         REF BY
           =====                   =======         ======
           vCAST_DATA_FIELD        000FAF00        VCAST_TI_8_4 (B0000008)
                                                   VCAST_TI_8_5 (B0000008)
                                                   VCAST_TI_9_107 (I0000009)
                                                   VCAST_TI_9_29 (I0000009)
                                                   VCAST_TI_9_33 (I0000009)
                                                   VCAST_TI_9_35 (I0000009)
                                                   VCAST_TI_9_4 (I0000009)
                                                   VCAST_TI_9_41 (I0000009)
                                                   VCAST_TI_9_42 (I0000009)
                                                   VCAST_TI_9_43 (I0000009)
                                                   VCAST_TI_9_50 (I0000009)
                                                   VCAST_TI_9_57 (I0000009)
                                                   VCAST_TI_9_61 (I0000009)
                                                   VCAST_TI_9_65 (I0000009)
                                                   VCAST_TI_9_69 (I0000009)
                                                   VCAST_TI_9_73 (I0000009)
                                                   VCAST_TI_9_75 (I0000009)
                                                   VCAST_TI_9_76 (I0000009)
    -------------------------------------------------------------------------
NEAR_Z
  Relative segment, address: 000FB6AA - 000FB6AA (0x1 bytes), align: 0
  Segment part 30.            Intra module refs:   VCAST_TI_BITFIELD
                                                   VCAST_TI_STRING
                                                   vCAST_RUN_DATA_IF
           ENTRY                   ADDRESS         REF BY
           =====                   =======         ======
           vCAST_COMMAND           000FB6AA        VCAST_TI_8_1 (B0000008)
                                                   VCAST_TI_8_2 (B0000008)
                                                   VCAST_TI_8_3 (B0000008)
                                                   VCAST_TI_8_4 (B0000008)
                                                   VCAST_TI_8_5 (B0000008)
                                                   VCAST_TI_9_1 (I0000009)
                                                   VCAST_TI_9_10 (I0000009)
                                                   VCAST_TI_9_107 (I0000009)
                                                   VCAST_TI_9_11 (I0000009)
                                                   VCAST_TI_9_13 (I0000009)
                                                   VCAST_TI_9_15 (I0000009)
                                                   VCAST_TI_9_17 (I0000009)
                                                   VCAST_TI_9_19 (I0000009)
                                                   VCAST_TI_9_21 (I0000009)
                                                   VCAST_TI_9_23 (I0000009)
                                                   VCAST_TI_9_25 (I0000009)
                                                   VCAST_TI_9_27 (I0000009)
                                                   VCAST_TI_9_29 (I0000009)
                                                   VCAST_TI_9_3 (I0000009)
                                                   VCAST_TI_9_31 (I0000009)
                                                   VCAST_TI_9_32 (I0000009)
                                                   VCAST_TI_9_33 (I0000009)
                                                   VCAST_TI_9_34 (I0000009)
                                                   VCAST_TI_9_35 (I0000009)
                                                   VCAST_TI_9_36 (I0000009)
                                                   VCAST_TI_9_4 (I0000009)
                                                   VCAST_TI_9_41 (I0000009)
                                                   VCAST_TI_9_42 (I0000009)
                                                   VCAST_TI_9_43 (I0000009)
                                                   VCAST_TI_9_48 (I0000009)
                                                   VCAST_TI_9_50 (I0000009)
                                                   VCAST_TI_9_51 (I0000009)
                                                   VCAST_TI_9_53 (I0000009)
                                                   VCAST_TI_9_55 (I0000009)
                                                   VCAST_TI_9_57 (I0000009)
                                                   VCAST_TI_9_6 (I0000009)
                                                   VCAST_TI_9_61 (I0000009)
                                                   VCAST_TI_9_65 (I0000009)
                                                   VCAST_TI_9_69 (I0000009)
                                                   VCAST_TI_9_7 (I0000009)
                                                   VCAST_TI_9_73 (I0000009)
                                                   VCAST_TI_9_75 (I0000009)
                                                   VCAST_TI_9_76 (I0000009)
                                                   VCAST_TI_9_9 (I0000009)
    -------------------------------------------------------------------------
NEAR_Z
  Relative segment, address: 000FB6AB - 000FB6AB (0x1 bytes), align: 0
  Segment part 31.            Intra module refs:   vCAST_RUN_DATA_IF
                                                   vcastInitializeB1Data
           ENTRY                   ADDRESS         REF BY
           =====                   =======         ======
           vCAST_VALUE_NUL         000FB6AB        VCAST_TI_9_1 (I0000009)
    -------------------------------------------------------------------------
NEAR_Z
  Relative segment, address: 000FB6AC - 000FB6AC (0x1 bytes), align: 0
  Segment part 32.            Intra module refs:   VCAST_TI_STRING
                                                   vCAST_RUN_DATA_IF
                                                   vcastInitializeB1Data
                                                   vcast_get_range_value
           ENTRY                   ADDRESS         REF BY
           =====                   =======         ======
           vCAST_SIZE              000FB6AC        VCAST_TI_8_4 (B0000008)
                                                   VCAST_TI_8_5 (B0000008)
                                                   VCAST_TI_9_107 (I0000009)
                                                   VCAST_TI_9_29 (I0000009)
                                                   VCAST_TI_9_33 (I0000009)
                                                   VCAST_TI_9_35 (I0000009)
                                                   VCAST_TI_9_4 (I0000009)
                                                   VCAST_TI_9_41 (I0000009)
                                                   VCAST_TI_9_42 (I0000009)
                                                   VCAST_TI_9_43 (I0000009)
                                                   VCAST_TI_9_50 (I0000009)
                                                   VCAST_TI_9_57 (I0000009)
                                                   VCAST_TI_9_61 (I0000009)
                                                   VCAST_TI_9_65 (I0000009)
                                                   VCAST_TI_9_69 (I0000009)
                                                   VCAST_TI_9_73 (I0000009)
                                                   VCAST_TI_9_75 (I0000009)
                                                   VCAST_TI_9_76 (I0000009)
    -------------------------------------------------------------------------
NEAR_I
  Relative segment, address: 000FAF70 - 000FAF70 (0x1 bytes), align: 0
  Segment part 33.            Intra module refs:   vcastInitializeB1Data
           ENTRY                   ADDRESS         REF BY
           =====                   =======         ======
           vCAST_can_print_constructor
                                   000FAF70 
    -------------------------------------------------------------------------
NEAR_Z
  Relative segment, address: 000FB006 - 000FB007 (0x2 bytes), align: 1
  Segment part 35.            Intra module refs:   vcastInitializeB1Data
           ENTRY                   ADDRESS         REF BY
           =====                   =======         ======
           VCAST_index_size        000FB006 
    -------------------------------------------------------------------------
NEAR_Z
  Relative segment, address: 000FB008 - 000FB009 (0x2 bytes), align: 1
  Segment part 36.            Intra module refs:   vcastInitializeB1Data
           LOCAL                   ADDRESS         
           =====                   =======         
           vcast_global_size       000FB008 
    -------------------------------------------------------------------------
<XCODE> 1 (was XCODE)
  Relative segment, address: 000011E0 - 0000121B (0x3c bytes), align: 0
  Segment part 41.
           ENTRY                   ADDRESS         REF BY
           =====                   =======         ======
           vcast_proc_handles_command
                                   000011E0        VCAST_TI_9_1 (I0000009)
               CSTACK = 00000000 ( 00000006 )
    -------------------------------------------------------------------------
<XCODE> 1 (was XCODE)
  Relative segment, address: 0000121C - 00001278 (0x5d bytes), align: 0
  Segment part 44.            Intra module refs:   VCAST_TI_STRING
                                                   vcast_get_param_value_with_index
                                                   vcast_get_range_value
           ENTRY                   ADDRESS         REF BY
           =====                   =======         ======
           VCAST_FIND_INDEX        0000121C        VCAST_TI_8_4 (B0000008)
                                                   VCAST_TI_9_1 (I0000009)
                                                   VCAST_TI_9_107 (I0000009)
                                                   VCAST_TI_9_33 (I0000009)
                                                   VCAST_TI_9_35 (I0000009)
                                                   VCAST_TI_9_43 (I0000009)
                                                   VCAST_TI_9_50 (I0000009)
                                                   VCAST_TI_9_57 (I0000009)
                                                   VCAST_TI_9_61 (I0000009)
                                                   VCAST_TI_9_65 (I0000009)
                                                   VCAST_TI_9_73 (I0000009)
                                                   VCAST_TI_9_75 (I0000009)
                                                   VCAST_TI_9_76 (I0000009)
               CSTACK = 00000000 ( 00000006 )
    -------------------------------------------------------------------------
<XCODE> 1 (was XCODE)
  Relative segment, address: 00001279 - 000012C2 (0x4a bytes), align: 0
  Segment part 45.            Intra module refs:   vcast_get_param
                                                   vcast_get_range_value
           ENTRY                   ADDRESS         REF BY
           =====                   =======         ======
           vcast_get_param_value_with_index
                                   00001279 
               calls direct
               CSTACK = 00000000 ( 00000008 )
    -------------------------------------------------------------------------
<XCODE> 1 (was XCODE)
  Relative segment, address: 000012C3 - 000012D5 (0x13 bytes), align: 0
  Segment part 46.
           ENTRY                   ADDRESS         REF BY
           =====                   =======         ======
           vcast_get_param         000012C3        VCAST_TI_9_1 (I0000009)
                                                   VCAST_TI_9_10 (I0000009)
                                                   VCAST_TI_9_11 (I0000009)
                                                   VCAST_TI_9_12 (I0000009)
                                                   VCAST_TI_9_13 (I0000009)
                                                   VCAST_TI_9_14 (I0000009)
                                                   VCAST_TI_9_15 (I0000009)
                                                   VCAST_TI_9_16 (I0000009)
                                                   VCAST_TI_9_17 (I0000009)
                                                   VCAST_TI_9_18 (I0000009)
                                                   VCAST_TI_9_19 (I0000009)
                                                   VCAST_TI_9_20 (I0000009)
                                                   VCAST_TI_9_21 (I0000009)
                                                   VCAST_TI_9_23 (I0000009)
                                                   VCAST_TI_9_24 (I0000009)
                                                   VCAST_TI_9_25 (I0000009)
                                                   VCAST_TI_9_26 (I0000009)
                                                   VCAST_TI_9_27 (I0000009)
                                                   VCAST_TI_9_28 (I0000009)
                                                   VCAST_TI_9_3 (I0000009)
                                                   VCAST_TI_9_30 (I0000009)
                                                   VCAST_TI_9_32 (I0000009)
                                                   VCAST_TI_9_34 (I0000009)
                                                   VCAST_TI_9_36 (I0000009)
                                                   VCAST_TI_9_45 (I0000009)
                                                   VCAST_TI_9_46 (I0000009)
                                                   VCAST_TI_9_47 (I0000009)
                                                   VCAST_TI_9_48 (I0000009)
                                                   VCAST_TI_9_49 (I0000009)
                                                   VCAST_TI_9_5 (I0000009)
                                                   VCAST_TI_9_51 (I0000009)
                                                   VCAST_TI_9_52 (I0000009)
                                                   VCAST_TI_9_53 (I0000009)
                                                   VCAST_TI_9_54 (I0000009)
                                                   VCAST_TI_9_55 (I0000009)
                                                   VCAST_TI_9_56 (I0000009)
                                                   VCAST_TI_9_67 (I0000009)
                                                   VCAST_TI_9_7 (I0000009)
                                                   VCAST_TI_9_8 (I0000009)
               calls direct
               CSTACK = 00000000 ( 00000004 )
    -------------------------------------------------------------------------
<XCODE> 1 (was XCODE)
  Relative segment, address: 000012D6 - 00001373 (0x9e bytes), align: 0
  Segment part 47.
           ENTRY                   ADDRESS         REF BY
           =====                   =======         ======
           vcast_get_range_value   000012D6        VCAST_TI_8_4 (B0000008)
                                                   VCAST_TI_8_5 (B0000008)
                                                   VCAST_TI_9_107 (I0000009)
                                                   VCAST_TI_9_29 (I0000009)
                                                   VCAST_TI_9_33 (I0000009)
                                                   VCAST_TI_9_35 (I0000009)
                                                   VCAST_TI_9_4 (I0000009)
                                                   VCAST_TI_9_41 (I0000009)
                                                   VCAST_TI_9_42 (I0000009)
                                                   VCAST_TI_9_43 (I0000009)
                                                   VCAST_TI_9_50 (I0000009)
                                                   VCAST_TI_9_57 (I0000009)
                                                   VCAST_TI_9_61 (I0000009)
                                                   VCAST_TI_9_65 (I0000009)
                                                   VCAST_TI_9_69 (I0000009)
                                                   VCAST_TI_9_73 (I0000009)
                                                   VCAST_TI_9_75 (I0000009)
                                                   VCAST_TI_9_76 (I0000009)
               calls direct
               CSTACK = 00000000 ( 00000006 )
    -------------------------------------------------------------------------
<XCODE> 1 (was XCODE)
  Relative segment, address: 00001374 - 00001590 (0x21d bytes), align: 0
  Segment part 49.
           ENTRY                   ADDRESS         REF BY
           =====                   =======         ======
           VCAST_TI_BITFIELD       00001374        VCAST_TI_9_12 (I0000009)
                                                   VCAST_TI_9_16 (I0000009)
                                                   VCAST_TI_9_20 (I0000009)
                                                   VCAST_TI_9_24 (I0000009)
                                                   VCAST_TI_9_26 (I0000009)
                                                   VCAST_TI_9_28 (I0000009)
                                                   VCAST_TI_9_45 (I0000009)
                                                   VCAST_TI_9_46 (I0000009)
                                                   VCAST_TI_9_47 (I0000009)
                                                   VCAST_TI_9_49 (I0000009)
                                                   VCAST_TI_9_5 (I0000009)
                                                   VCAST_TI_9_52 (I0000009)
                                                   VCAST_TI_9_54 (I0000009)
                                                   VCAST_TI_9_56 (I0000009)
                                                   VCAST_TI_9_8 (I0000009)
               calls direct
               CSTACK = 00000000 ( 00000012 )
    -------------------------------------------------------------------------
NEAR_Z
  Relative segment, address: 000FB00A - 000FB049 (0x40 bytes), align: 1
  Segment part 37.            Intra module refs:   vcast_unconvert_string_hex
                                                   vcast_unconvert_string_hex_with_length
                                                   vcast_unconvert_string_oct
                                                   vcast_unconvert_string_oct_with_length
           LOCAL                   ADDRESS         
           =====                   =======         
           vcastCommonOutputBuffer
                                   000FB00A 
    -------------------------------------------------------------------------
<XCODE> 1 (was XCODE)
  Relative segment, address: 00001591 - 000015B6 (0x26 bytes), align: 0
  Segment part 50.            Intra module refs:   VCAST_TI_STRING
           ENTRY                   ADDRESS         REF BY
           =====                   =======         ======
           vcast_contains_unprintable
                                   00001591 
               CSTACK = 00000000 ( 00000004 )
    -------------------------------------------------------------------------
<XCODE> 1 (was XCODE)
  Relative segment, address: 000015B7 - 000015DF (0x29 bytes), align: 0
  Segment part 51.            Intra module refs:   VCAST_TI_STRING
           ENTRY                   ADDRESS         REF BY
           =====                   =======         ======
           vcast_contains_unprintable_with_length
                                   000015B7 
               CSTACK = 00000000 ( 00000006 )
    -------------------------------------------------------------------------
<XCODE> 1 (was XCODE)
  Relative segment, address: 000015E0 - 000015F1 (0x12 bytes), align: 0
  Segment part 52.            Intra module refs:   vcast_unconvert_string_oct
                                                   vcast_unconvert_string_oct_with_length
           ENTRY                   ADDRESS         REF BY
           =====                   =======         ======
           vcast_unconvert_char_oct
                                   000015E0 
               calls direct
               CSTACK = 00000000 ( 00000004 )
    -------------------------------------------------------------------------
NEAR_Z
  Relative segment, address: 000FB04A - 000FB04F (0x6 bytes), align: 1
  Segment part 38.            Intra module refs:   vcast_unconvert_char_oct
           LOCAL                   ADDRESS         
           =====                   =======         
           vcast_unconvert_char_oct::output
                                   000FB04A 
    -------------------------------------------------------------------------
<XCODE> 1 (was XCODE)
  Relative segment, address: 000015F2 - 00001603 (0x12 bytes), align: 0
  Segment part 53.            Intra module refs:   vcast_unconvert_string_hex
                                                   vcast_unconvert_string_hex_with_length
           ENTRY                   ADDRESS         REF BY
           =====                   =======         ======
           vcast_unconvert_char_hex
                                   000015F2 
               calls direct
               CSTACK = 00000000 ( 00000004 )
    -------------------------------------------------------------------------
NEAR_Z
  Relative segment, address: 000FB050 - 000FB055 (0x6 bytes), align: 1
  Segment part 39.            Intra module refs:   vcast_unconvert_char_hex
           LOCAL                   ADDRESS         
           =====                   =======         
           vcast_unconvert_char_hex::output
                                   000FB050 
    -------------------------------------------------------------------------
<XCODE> 1 (was XCODE)
  Relative segment, address: 00001604 - 00001645 (0x42 bytes), align: 0
  Segment part 54.            Intra module refs:   VCAST_TI_STRING
           ENTRY                   ADDRESS         REF BY
           =====                   =======         ======
           vcast_unconvert_string_hex
                                   00001604 
               calls direct
               CSTACK = 00000000 ( 00000008 )
    -------------------------------------------------------------------------
<XCODE> 1 (was XCODE)
  Relative segment, address: 00001646 - 0000167D (0x38 bytes), align: 0
  Segment part 55.            Intra module refs:   VCAST_TI_STRING
           ENTRY                   ADDRESS         REF BY
           =====                   =======         ======
           vcast_unconvert_string_hex_with_length
                                   00001646 
               calls direct
               CSTACK = 00000000 ( 00000006 )
    -------------------------------------------------------------------------
<XCODE> 1 (was XCODE)
  Relative segment, address: 0000167E - 000016BF (0x42 bytes), align: 0
  Segment part 56.            Intra module refs:   VCAST_TI_STRING
           ENTRY                   ADDRESS         REF BY
           =====                   =======         ======
           vcast_unconvert_string_oct
                                   0000167E 
               calls direct
               CSTACK = 00000000 ( 00000008 )
    -------------------------------------------------------------------------
<XCODE> 1 (was XCODE)
  Relative segment, address: 000016C0 - 000016F7 (0x38 bytes), align: 0
  Segment part 57.            Intra module refs:   VCAST_TI_STRING
           ENTRY                   ADDRESS         REF BY
           =====                   =======         ======
           vcast_unconvert_string_oct_with_length
                                   000016C0 
               calls direct
               CSTACK = 00000000 ( 00000006 )
    -------------------------------------------------------------------------
<XCODE> 1 (was XCODE)
  Relative segment, address: 000016F8 - 000018A2 (0x1ab bytes), align: 0
  Segment part 58.
           ENTRY                   ADDRESS         REF BY
           =====                   =======         ======
           VCAST_TI_STRING         000016F8        VCAST_TI_8_4 (B0000008)
                                                   VCAST_TI_9_1 (I0000009)
                                                   VCAST_TI_9_107 (I0000009)
                                                   VCAST_TI_9_33 (I0000009)
                                                   VCAST_TI_9_35 (I0000009)
                                                   VCAST_TI_9_43 (I0000009)
                                                   VCAST_TI_9_50 (I0000009)
                                                   VCAST_TI_9_57 (I0000009)
                                                   VCAST_TI_9_61 (I0000009)
                                                   VCAST_TI_9_65 (I0000009)
                                                   VCAST_TI_9_73 (I0000009)
                                                   VCAST_TI_9_75 (I0000009)
                                                   VCAST_TI_9_76 (I0000009)
               calls direct
               CSTACK = 00000002 ( 00000004 )
    -------------------------------------------------------------------------
<XCODE> 1 (was XCODE)
  Relative segment, address: 000018A3 - 000018E5 (0x43 bytes), align: 0
  Segment part 59.            Intra module refs:   VCAST_convert
           ENTRY                   ADDRESS         REF BY
           =====                   =======         ======
           vcast_add_to_hex        000018A3 
               CSTACK = 00000000 ( 00000004 )
    -------------------------------------------------------------------------
<XCODE> 1 (was XCODE)
  Relative segment, address: 000018E6 - 00001934 (0x4f bytes), align: 0
  Segment part 60.            Intra module refs:   VCAST_convert
           ENTRY                   ADDRESS         REF BY
           =====                   =======         ======
           vcast_get_non_numerical_escape
                                   000018E6 
    -------------------------------------------------------------------------
<XCODE> 1 (was XCODE)
  Relative segment, address: 00001935 - 000019BE (0x8a bytes), align: 0
  Segment part 61.            Intra module refs:   VCAST_TI_STRING
           ENTRY                   ADDRESS         REF BY
           =====                   =======         ======
           vcast_convert_size      00001935 
               calls direct
               CSTACK = 00000000 ( 0000000A )
    -------------------------------------------------------------------------
<XCODE> 1 (was XCODE)
  Relative segment, address: 000019BF - 00001AD5 (0x117 bytes), align: 0
  Segment part 62.            Intra module refs:   VCAST_TI_STRING
           ENTRY                   ADDRESS         REF BY
           =====                   =======         ======
           VCAST_convert           000019BF 
               calls direct
               CSTACK = 00000000 ( 0000000C )
    -------------------------------------------------------------------------
NEAR_Z
  Relative segment, address: 000FB056 - 000FB095 (0x40 bytes), align: 1
  Segment part 40.            Intra module refs:   VCAST_convert
           LOCAL                   ADDRESS         
           =====                   =======         
           VCAST_convert::output   000FB056 
    -------------------------------------------------------------------------
<XCODE> 1 (was XCODE)
  Relative segment, address: 00001AD6 - 00001E14 (0x33f bytes), align: 0
  Segment part 63.
           ENTRY                   ADDRESS         REF BY
           =====                   =======         ======
           vCAST_RUN_DATA_IF       00001AD6        main (S0000003)
                                                   vCAST_READ_COMMAND_DATA (B0000002)
                                                   vCAST_READ_COMMAND_DATA_FOR_ONE_PARAM (B0000002)
                                                   vCAST_READ_COMMAND_DATA_FOR_USER_GLOBALS (B0000002)
                                                   vCAST_STORE_GLOBAL_ASCII_DATA (B0000002)
                                                   vCAST_STORE_PARAMETER_ASCII_DATA (B0000002)
               calls direct
               CSTACK = 00000000 ( 00000052 )
    -------------------------------------------------------------------------
<XCODE> 1 (was XCODE)
  Relative segment, address: 00001E15 - 00001E48 (0x34 bytes), align: 0
  Segment part 64.
           ENTRY                   ADDRESS         REF BY
           =====                   =======         ======
           vcastInitializeB1Data   00001E15        main (S0000003)
    -------------------------------------------------------------------------
NEAR_ID
  Relative segment, address: 00000C22 - 00000C23 (0x2 bytes), align: 1
  Segment part 29.            Intra module refs:   vCAST_DATA_FIELD
    -------------------------------------------------------------------------
NEAR_ID
  Relative segment, address: 00000C92 - 00000C92 (0x1 bytes), align: 0
  Segment part 34.            Intra module refs:   vCAST_can_print_constructor
    -------------------------------------------------------------------------
NEAR_CONST
  Relative segment, address: 000F3000 - 000F3001 (0x2 bytes), align: 1
  Segment part 3.             Intra module refs:   VCAST_TI_BITFIELD
                                                   VCAST_TI_STRING
    -------------------------------------------------------------------------
NEAR_CONST
  Relative segment, address: 000F3002 - 000F3007 (0x6 bytes), align: 1
  Segment part 4.             Intra module refs:   VCAST_TI_STRING
    -------------------------------------------------------------------------
NEAR_CONST
  Relative segment, address: 000F3008 - 000F3009 (0x2 bytes), align: 1
  Segment part 5.             Intra module refs:   VCAST_TI_STRING
    -------------------------------------------------------------------------
NEAR_CONST
  Relative segment, address: 000F300A - 000F3013 (0xa bytes), align: 1
  Segment part 6.             Intra module refs:   vCAST_RUN_DATA_IF
    -------------------------------------------------------------------------
NEAR_CONST
  Relative segment, address: 000F3014 - 000F301B (0x8 bytes), align: 1
  Segment part 7.             Intra module refs:   vCAST_RUN_DATA_IF
    -------------------------------------------------------------------------
NEAR_CONST
  Relative segment, address: 000F301C - 000F3023 (0x8 bytes), align: 1
  Segment part 8.             Intra module refs:   vCAST_RUN_DATA_IF
    -------------------------------------------------------------------------
NEAR_CONST
  Relative segment, address: 000F3024 - 000F302B (0x8 bytes), align: 1
  Segment part 9.             Intra module refs:   vCAST_RUN_DATA_IF
    -------------------------------------------------------------------------
NEAR_CONST
  Relative segment, address: 000F302C - 000F3037 (0xc bytes), align: 1
  Segment part 10.            Intra module refs:   vCAST_RUN_DATA_IF
    -------------------------------------------------------------------------
NEAR_CONST
  Relative segment, address: 000F3038 - 000F3043 (0xc bytes), align: 1
  Segment part 11.            Intra module refs:   vCAST_RUN_DATA_IF
    -------------------------------------------------------------------------
NEAR_CONST
  Relative segment, address: 000F3044 - 000F304B (0x8 bytes), align: 1
  Segment part 12.            Intra module refs:   vCAST_RUN_DATA_IF
    -------------------------------------------------------------------------
NEAR_CONST
  Relative segment, address: 000F304C - 000F3055 (0xa bytes), align: 1
  Segment part 13.            Intra module refs:   vCAST_RUN_DATA_IF
    -------------------------------------------------------------------------
NEAR_CONST
  Relative segment, address: 000F3056 - 000F305F (0xa bytes), align: 1
  Segment part 14.            Intra module refs:   vCAST_RUN_DATA_IF
    -------------------------------------------------------------------------
NEAR_CONST
  Relative segment, address: 000F3060 - 000F3069 (0xa bytes), align: 1
  Segment part 15.            Intra module refs:   vCAST_RUN_DATA_IF
    -------------------------------------------------------------------------
NEAR_CONST
  Relative segment, address: 000F306A - 000F3073 (0xa bytes), align: 1
  Segment part 16.            Intra module refs:   vCAST_RUN_DATA_IF
    -------------------------------------------------------------------------
NEAR_CONST
  Relative segment, address: 000F3074 - 000F307D (0xa bytes), align: 1
  Segment part 17.            Intra module refs:   vCAST_RUN_DATA_IF
    -------------------------------------------------------------------------
NEAR_CONST
  Relative segment, address: 000F307E - 000F307F (0x2 bytes), align: 1
  Segment part 18.            Intra module refs:   vCAST_RUN_DATA_IF
    -------------------------------------------------------------------------
NEAR_CONST
  Relative segment, address: 000F3080 - 000F308B (0xc bytes), align: 1
  Segment part 19.            Intra module refs:   vCAST_RUN_DATA_IF
    -------------------------------------------------------------------------
NEAR_CONST_ID
  Relative segment, address: 00003000 - 00003001 (0x2 bytes), align: 1
  Segment part 66.            Intra module refs:   Segment part 3
    -------------------------------------------------------------------------
NEAR_CONST_ID
  Relative segment, address: 00003002 - 00003007 (0x6 bytes), align: 1
  Segment part 67.            Intra module refs:   Segment part 4
    -------------------------------------------------------------------------
NEAR_CONST_ID
  Relative segment, address: 00003008 - 00003009 (0x2 bytes), align: 1
  Segment part 68.            Intra module refs:   Segment part 5
    -------------------------------------------------------------------------
NEAR_CONST_ID
  Relative segment, address: 0000300A - 00003013 (0xa bytes), align: 1
  Segment part 69.            Intra module refs:   Segment part 6
    -------------------------------------------------------------------------
NEAR_CONST_ID
  Relative segment, address: 00003014 - 0000301B (0x8 bytes), align: 1
  Segment part 70.            Intra module refs:   Segment part 7
    -------------------------------------------------------------------------
NEAR_CONST_ID
  Relative segment, address: 0000301C - 00003023 (0x8 bytes), align: 1
  Segment part 71.            Intra module refs:   Segment part 8
    -------------------------------------------------------------------------
NEAR_CONST_ID
  Relative segment, address: 00003024 - 0000302B (0x8 bytes), align: 1
  Segment part 72.            Intra module refs:   Segment part 9
    -------------------------------------------------------------------------
NEAR_CONST_ID
  Relative segment, address: 0000302C - 00003037 (0xc bytes), align: 1
  Segment part 73.            Intra module refs:   Segment part 10
    -------------------------------------------------------------------------
NEAR_CONST_ID
  Relative segment, address: 00003038 - 00003043 (0xc bytes), align: 1
  Segment part 74.            Intra module refs:   Segment part 11
    -------------------------------------------------------------------------
NEAR_CONST_ID
  Relative segment, address: 00003044 - 0000304B (0x8 bytes), align: 1
  Segment part 75.            Intra module refs:   Segment part 12
    -------------------------------------------------------------------------
NEAR_CONST_ID
  Relative segment, address: 0000304C - 00003055 (0xa bytes), align: 1
  Segment part 76.            Intra module refs:   Segment part 13
    -------------------------------------------------------------------------
NEAR_CONST_ID
  Relative segment, address: 00003056 - 0000305F (0xa bytes), align: 1
  Segment part 77.            Intra module refs:   Segment part 14
    -------------------------------------------------------------------------
NEAR_CONST_ID
  Relative segment, address: 00003060 - 00003069 (0xa bytes), align: 1
  Segment part 78.            Intra module refs:   Segment part 15
    -------------------------------------------------------------------------
NEAR_CONST_ID
  Relative segment, address: 0000306A - 00003073 (0xa bytes), align: 1
  Segment part 79.            Intra module refs:   Segment part 16
    -------------------------------------------------------------------------
NEAR_CONST_ID
  Relative segment, address: 00003074 - 0000307D (0xa bytes), align: 1
  Segment part 80.            Intra module refs:   Segment part 17
    -------------------------------------------------------------------------
NEAR_CONST_ID
  Relative segment, address: 0000307E - 0000307F (0x2 bytes), align: 1
  Segment part 81.            Intra module refs:   Segment part 18
    -------------------------------------------------------------------------
NEAR_CONST_ID
  Relative segment, address: 00003080 - 0000308B (0xc bytes), align: 1
  Segment part 82.            Intra module refs:   Segment part 19

    *************************************************************************

  FILE NAME : C:\Users\zhu1\Downloads\SW_Need_Change_Managemant\GEEA2.0\E4-2_SW\RLS_SYS_RLS_GP_RLXS_GEN5_DEV_APL_GEELY2.0_RLFS_FOR_E4_03\05_SwDev\01_SrcCode\Application\CustomerInterface\ModuleTest\123456789\B0000002.r87
  PROGRAM MODULE, NAME : B0000002

  SEGMENTS IN THE MODULE
  ======================
<XCODE> 3 (was XCODE)
  Relative segment, address: 00010000 - 00010004 (0x5 bytes), align: 0
  Segment part 49.            Intra module refs:   VCAST_malloc
           ENTRY                   ADDRESS         REF BY
           =====                   =======         ======
           malloc                  00010000 
               calls direct
    -------------------------------------------------------------------------
<XCODE> 3 (was XCODE)
  Relative segment, address: 00010005 - 00010030 (0x2c bytes), align: 0
  Segment part 50.            Intra module refs:   VCAST_WRITE_FN_CALL_ID
                                                   VCAST_WRITE_MCDC_ID
                                                   VCAST_WRITE_OPTIMIZED_MCDC_ID
                                                   VCAST_WRITE_STATEMENT_ID
           ENTRY                   ADDRESS         REF BY
           =====                   =======         ======
           vcast_strcat            00010005 
               CSTACK = 00000000 ( 00000006 )
    -------------------------------------------------------------------------
<XCODE> 3 (was XCODE)
  Relative segment, address: 00010031 - 000100FD (0xcd bytes), align: 0
  Segment part 52.            Intra module refs:   VCAST_WRITE_FN_CALL_ID
                                                   VCAST_WRITE_MCDC_ID
                                                   VCAST_WRITE_OPTIMIZED_MCDC_ID
                                                   VCAST_WRITE_STATEMENT_ID
           ENTRY                   ADDRESS         REF BY
           =====                   =======         ======
           vcast_int_to_string     00010031 
               CSTACK = 00000004 ( 0000000C )
    -------------------------------------------------------------------------
NEAR_Z
  Relative segment, address: 000FB096 - 000FB0B1 (0x1c bytes), align: 1
  Segment part 33.            Intra module refs:   vcast_unit_list_values
           ENTRY                   ADDRESS         REF BY
           =====                   =======         ======
           vcast_unit_stmt_bytes_9
                                   000FB096        AdjustOutHudValue (I0000009)
                                                   ApplLinInit (I0000009)
                                                   ApplLinSlavePreCopy (I0000009)
                                                   CRC8SAEJ1850 (I0000009)
                                                   CalcHUDMean_1000ms (I0000009)
                                                   CheckErrors (I0000009)
                                                   CopyRLSData (I0000009)
                                                   Exit_Wipe (I0000009)
                                                   GetFiveTableValue_500ms (I0000009)
                                                   GetFiveTableValue_50ms (I0000009)
                                                   GetHudCrcj1850 (I0000009)
                                                   GetLeWWS (I0000009)
                                                   GetLightTransmission (I0000009)
                                                   GetLsWWS (I0000009)
                                                   GetOutdBriStsCrcj1850 (I0000009)
                                                   GetUpdateTimeForLightStatus (I0000009)
                                                   Get_Lin_Signal_From_GetLeWWS (I0000009)
                                                   Humidity_Function (I0000009)
                                                   IsByteOddParity (I0000009)
                                                   LightFunction (I0000009)
                                                   Light_Sensitivity_In_GetLeWWS (I0000009)
                                                   OutPutBrightnessValue (I0000009)
                                                   OutPutHudSendCount (I0000009)
                                                   OutPutHudValue (I0000009)
                                                   OutPutSolarValue (I0000009)
                                                   OutPutTwliBriValue (I0000009)
                                                   OutdBriCntr_Counter (I0000009)
                                                   RainFunction (I0000009)
                                                   Rain_Sensitivity_Judge (I0000009)
                                                   Rain_sensitivity (I0000009)
                                                   SendRLSMPartNo (I0000009)
                                                   SendRLSMPartNo10 (I0000009)
                                                   SendRLSSerNo (I0000009)
                                                   Set_BCMLightOffset (I0000009)
                                                   StandByMode (I0000009)
                                                   Standby_Judge (I0000009)
                                                   TemperatureDetect (I0000009)
                                                   Tunnel_Wipe_Decision (I0000009)
                                                   VoltageDetect (I0000009)
                                                   WipeWinterModeCheck (I0000009)
                                                   Wiper_and_Park (I0000009)
                                                   orderHUDValue (I0000009)
    -------------------------------------------------------------------------
NEAR_Z
  Relative segment, address: 000FB0B2 - 000FB0B3 (0x2 bytes), align: 1
  Segment part 34.            Intra module refs:   vcast_unit_list_values
           ENTRY                   ADDRESS         REF BY
           =====                   =======         ======
           vcast_unit_mcdc_bytes_9
                                   000FB0B2        LightFunction (I0000009)
    -------------------------------------------------------------------------
NEAR_Z
  Relative segment, address: 000FB0B4 - 000FB0BB (0x8 bytes), align: 1
  Segment part 35.            Intra module refs:   vcast_unit_list_values
           ENTRY                   ADDRESS         REF BY
           =====                   =======         ======
           vcast_unit_fn_call_bytes_9
                                   000FB0B4        ApplLinInit (I0000009)
                                                   CalcHUDMean_1000ms (I0000009)
                                                   CheckErrors (I0000009)
                                                   CopyRLSData (I0000009)
                                                   GetFiveTableValue_500ms (I0000009)
                                                   GetFiveTableValue_50ms (I0000009)
                                                   GetHudCrcj1850 (I0000009)
                                                   GetLsWWS (I0000009)
                                                   GetOutdBriStsCrcj1850 (I0000009)
                                                   Get_Lin_Signal_From_GetLeWWS (I0000009)
                                                   LightFunction (I0000009)
                                                   OutPutBrightnessValue (I0000009)
                                                   OutPutHudValue (I0000009)
                                                   OutPutSolarValue (I0000009)
                                                   OutPutTwliBriValue (I0000009)
                                                   RainFunction (I0000009)
                                                   Rain_sensitivity (I0000009)
                                                   StandByMode (I0000009)
    -------------------------------------------------------------------------
NEAR_Z
  Relative segment, address: 000FB0BC - 000FB0C7 (0xc bytes), align: 1
  Segment part 36.            Intra module refs:   vcast_unit_list_values
           ENTRY                   ADDRESS         REF BY
           =====                   =======         ======
           vcast_unit_optimized_mcdc_bytes_9_0
                                   000FB0BC        AdjustOutHudValue (I0000009)
                                                   ApplLinInit (I0000009)
                                                   ApplLinSlavePreCopy (I0000009)
                                                   CRC8SAEJ1850 (I0000009)
                                                   CalcHUDMean_1000ms (I0000009)
                                                   CheckErrors (I0000009)
                                                   CopyRLSData (I0000009)
                                                   Exit_Wipe (I0000009)
                                                   GetFiveTableValue_500ms (I0000009)
                                                   GetFiveTableValue_50ms (I0000009)
                                                   GetHudCrcj1850 (I0000009)
                                                   GetLeWWS (I0000009)
                                                   GetLightTransmission (I0000009)
                                                   GetLsWWS (I0000009)
                                                   GetOutdBriStsCrcj1850 (I0000009)
                                                   GetUpdateTimeForLightStatus (I0000009)
                                                   Get_Lin_Signal_From_GetLeWWS (I0000009)
                                                   Humidity_Function (I0000009)
                                                   IsByteOddParity (I0000009)
                                                   LightFunction (I0000009)
                                                   Light_Sensitivity_In_GetLeWWS (I0000009)
                                                   OutPutBrightnessValue (I0000009)
                                                   OutPutHudSendCount (I0000009)
                                                   OutPutHudValue (I0000009)
                                                   OutPutSolarValue (I0000009)
                                                   OutPutTwliBriValue (I0000009)
                                                   OutdBriCntr_Counter (I0000009)
                                                   RainFunction (I0000009)
                                                   Rain_Sensitivity_Judge (I0000009)
                                                   Rain_sensitivity (I0000009)
                                                   SendRLSMPartNo (I0000009)
                                                   SendRLSMPartNo10 (I0000009)
                                                   SendRLSSerNo (I0000009)
                                                   Set_BCMLightOffset (I0000009)
                                                   StandByMode (I0000009)
                                                   Standby_Judge (I0000009)
                                                   TemperatureDetect (I0000009)
                                                   Tunnel_Wipe_Decision (I0000009)
                                                   VoltageDetect (I0000009)
                                                   WipeWinterModeCheck (I0000009)
                                                   Wiper_and_Park (I0000009)
                                                   orderHUDValue (I0000009)
    -------------------------------------------------------------------------
NEAR_Z
  Relative segment, address: 000FB0C8 - 000FB113 (0x4c bytes), align: 1
  Segment part 37.            Intra module refs:   vcast_unit_list_values
           ENTRY                   ADDRESS         REF BY
           =====                   =======         ======
           vcast_unit_optimized_mcdc_bytes_9_1
                                   000FB0C8        AdjustOutHudValue (I0000009)
                                                   ApplLinInit (I0000009)
                                                   ApplLinSlavePreCopy (I0000009)
                                                   CRC8SAEJ1850 (I0000009)
                                                   CalcHUDMean_1000ms (I0000009)
                                                   CopyRLSData (I0000009)
                                                   Exit_Wipe (I0000009)
                                                   GetFiveTableValue_500ms (I0000009)
                                                   GetFiveTableValue_50ms (I0000009)
                                                   GetLeWWS (I0000009)
                                                   GetLsWWS (I0000009)
                                                   GetUpdateTimeForLightStatus (I0000009)
                                                   Get_Lin_Signal_From_GetLeWWS (I0000009)
                                                   Humidity_Function (I0000009)
                                                   IsByteOddParity (I0000009)
                                                   LightFunction (I0000009)
                                                   Light_Sensitivity_In_GetLeWWS (I0000009)
                                                   OutPutBrightnessValue (I0000009)
                                                   OutPutHudSendCount (I0000009)
                                                   OutPutHudValue (I0000009)
                                                   OutPutSolarValue (I0000009)
                                                   OutPutTwliBriValue (I0000009)
                                                   OutdBriCntr_Counter (I0000009)
                                                   RainFunction (I0000009)
                                                   Rain_Sensitivity_Judge (I0000009)
                                                   Rain_sensitivity (I0000009)
                                                   SendRLSMPartNo10 (I0000009)
                                                   Set_BCMLightOffset (I0000009)
                                                   StandByMode (I0000009)
                                                   Standby_Judge (I0000009)
                                                   TemperatureDetect (I0000009)
                                                   VoltageDetect (I0000009)
                                                   WipeWinterModeCheck (I0000009)
                                                   Wiper_and_Park (I0000009)
                                                   orderHUDValue (I0000009)
    -------------------------------------------------------------------------
NEAR_Z
  Relative segment, address: 000FB114 - 000FB135 (0x22 bytes), align: 1
  Segment part 38.            Intra module refs:   vcast_unit_list_values
           ENTRY                   ADDRESS         REF BY
           =====                   =======         ======
           vcast_unit_optimized_mcdc_bytes_9_2
                                   000FB114        CalcHUDMean_1000ms (I0000009)
                                                   CheckErrors (I0000009)
                                                   GetLeWWS (I0000009)
                                                   GetLsWWS (I0000009)
                                                   GetUpdateTimeForLightStatus (I0000009)
                                                   LightFunction (I0000009)
                                                   OutPutBrightnessValue (I0000009)
                                                   OutPutSolarValue (I0000009)
                                                   RainFunction (I0000009)
                                                   Rain_Sensitivity_Judge (I0000009)
                                                   Tunnel_Wipe_Decision (I0000009)
                                                   WipeWinterModeCheck (I0000009)
    -------------------------------------------------------------------------
NEAR_Z
  Relative segment, address: 000FB136 - 000FB155 (0x20 bytes), align: 1
  Segment part 39.            Intra module refs:   vcast_unit_list_values
           ENTRY                   ADDRESS         REF BY
           =====                   =======         ======
           vcast_unit_optimized_mcdc_bytes_9_3
                                   000FB136        GetLeWWS (I0000009)
                                                   GetLightTransmission (I0000009)
                                                   GetLsWWS (I0000009)
                                                   LightFunction (I0000009)
                                                   RainFunction (I0000009)
                                                   StandByMode (I0000009)
    -------------------------------------------------------------------------
NEAR_Z
  Relative segment, address: 000FB156 - 000FB19B (0x46 bytes), align: 1
  Segment part 40.            Intra module refs:   vcast_unit_list_values
           ENTRY                   ADDRESS         REF BY
           =====                   =======         ======
           vcast_unit_optimized_mcdc_bytes_9_4
                                   000FB156        CheckErrors (I0000009)
                                                   GetLightTransmission (I0000009)
                                                   LightFunction (I0000009)
                                                   Set_BCMLightOffset (I0000009)
                                                   TemperatureDetect (I0000009)
                                                   Tunnel_Wipe_Decision (I0000009)
    -------------------------------------------------------------------------
NEAR_Z
  Relative segment, address: 000FB19C - 000FB1CB (0x30 bytes), align: 1
  Segment part 41.            Intra module refs:   vcast_unit_list_values
           ENTRY                   ADDRESS         REF BY
           =====                   =======         ======
           vcast_unit_optimized_mcdc_bytes_9_5
                                   000FB19C        CheckErrors (I0000009)
                                                   Rain_Sensitivity_Judge (I0000009)
    -------------------------------------------------------------------------
NEAR_Z
  Relative segment, address: 000FB1CC - 000FB203 (0x38 bytes), align: 1
  Segment part 42.            Intra module refs:   vcast_unit_list_values
           ENTRY                   ADDRESS         REF BY
           =====                   =======         ======
           vcast_unit_optimized_mcdc_bytes_9_6
                                   000FB1CC        Rain_Sensitivity_Judge (I0000009)
    -------------------------------------------------------------------------
NEAR_CONST
  Relative segment, address: 000F308C - 000F30EF (0x64 bytes), align: 1
  Segment part 45.            Intra module refs:   VCAST_DUMP_COVERAGE_DATA_ID
           LOCAL                   ADDRESS         
           =====                   =======         
           vcast_unit_list_values
                                   000F308C 
    -------------------------------------------------------------------------
NEAR_Z
  Relative segment, address: 000FB204 - 000FB205 (0x2 bytes), align: 1
  Segment part 46.            Intra module refs:   vcast_insert
           LOCAL                   ADDRESS         
           =====                   =======         
           vcast_max_mcdc_statements_exceeded
                                   000FB204 
    -------------------------------------------------------------------------
<XCODE> 3 (was XCODE)
  Relative segment, address: 000100FE - 00010107 (0xa bytes), align: 0
  Segment part 53.            Intra module refs:   VCAST_MCDC_CONDITION_INSTRUMENTATION_POINT_BUFFERED
           ENTRY                   ADDRESS         REF BY
           =====                   =======         ======
           vcast_get_mcdc_statement
                                   000100FE 
               calls direct
    -------------------------------------------------------------------------
<XCODE> 3 (was XCODE)
  Relative segment, address: 00010108 - 00010111 (0xa bytes), align: 0
  Segment part 54.            Intra module refs:   vcast_insert
           ENTRY                   ADDRESS         REF BY
           =====                   =======         ======
           vcast_getAVLTree        00010108 
               calls direct
    -------------------------------------------------------------------------
<XCODE> 3 (was XCODE)
  Relative segment, address: 00010112 - 0001016D (0x5c bytes), align: 0
  Segment part 56.            Intra module refs:   VCAST_DUMP_FN_CALL_COVERAGE_DATA_ID
           ENTRY                   ADDRESS         REF BY
           =====                   =======         ======
           VCAST_WRITE_FN_CALL_ID
                                   00010112 
               calls direct
               CSTACK = 00000000 ( 0000001A )
    -------------------------------------------------------------------------
<XCODE> 3 (was XCODE)
  Relative segment, address: 0001016E - 000101BD (0x50 bytes), align: 0
  Segment part 57.            Intra module refs:   VCAST_DUMP_STATEMENT_COVERAGE_DATA_ID
           ENTRY                   ADDRESS         REF BY
           =====                   =======         ======
           VCAST_WRITE_STATEMENT_ID
                                   0001016E 
               calls direct
               CSTACK = 00000000 ( 00000018 )
    -------------------------------------------------------------------------
<XCODE> 3 (was XCODE)
  Relative segment, address: 000101BE - 00010271 (0xb4 bytes), align: 0
  Segment part 58.            Intra module refs:   VCAST_DUMP_MCDC_COVERAGE_ID
           ENTRY                   ADDRESS         REF BY
           =====                   =======         ======
           VCAST_WRITE_MCDC_ID     000101BE 
               calls direct
               CSTACK = 00000008 ( 00000048 )
    -------------------------------------------------------------------------
<XCODE> 3 (was XCODE)
  Relative segment, address: 00010272 - 0001032F (0xbe bytes), align: 0
  Segment part 59.            Intra module refs:   VCAST_DUMP_OPTIMIZED_MCDC_COVERAGE_DATA_ID
           ENTRY                   ADDRESS         REF BY
           =====                   =======         ======
           VCAST_WRITE_OPTIMIZED_MCDC_ID
                                   00010272 
               calls direct
               CSTACK = 00000008 ( 0000004C )
    -------------------------------------------------------------------------
<XCODE> 3 (was XCODE)
  Relative segment, address: 00010330 - 00010342 (0x13 bytes), align: 0
  Segment part 60.            Intra module refs:   vcast_insert
           ENTRY                   ADDRESS         REF BY
           =====                   =======         ======
           vcast_fatal_error       00010330 
               calls direct
               CSTACK = 00000000 ( 00000004 )
    -------------------------------------------------------------------------
<XCODE> 3 (was XCODE)
  Relative segment, address: 00010343 - 000103AC (0x6a bytes), align: 0
  Segment part 61.            Intra module refs:   vcast_find
                                                   vcast_insert
           ENTRY                   ADDRESS         REF BY
           =====                   =======         ======
           vcast_mcdc_statement_compare
                                   00010343 
               CSTACK = 00000000 ( 00000006 )
    -------------------------------------------------------------------------
<XCODE> 3 (was XCODE)
  Relative segment, address: 000103AD - 00010412 (0x66 bytes), align: 0
  Segment part 62.
           ENTRY                   ADDRESS         REF BY
           =====                   =======         ======
           VCAST_SAVE_MCDC_SUBCONDITION
                                   000103AD        AdjustOutHudValue (I0000009)
                                                   ApplLinInit (I0000009)
                                                   ApplLinSlavePreCopy (I0000009)
                                                   CRC8SAEJ1850 (I0000009)
                                                   CalcHUDMean_1000ms (I0000009)
                                                   CheckErrors (I0000009)
                                                   CopyRLSData (I0000009)
                                                   Exit_Wipe (I0000009)
                                                   GetFiveTableValue_500ms (I0000009)
                                                   GetFiveTableValue_50ms (I0000009)
                                                   GetLeWWS (I0000009)
                                                   GetLightTransmission (I0000009)
                                                   GetLsWWS (I0000009)
                                                   GetUpdateTimeForLightStatus (I0000009)
                                                   Get_Lin_Signal_From_GetLeWWS (I0000009)
                                                   Humidity_Function (I0000009)
                                                   IsByteOddParity (I0000009)
                                                   LightFunction (I0000009)
                                                   Light_Sensitivity_In_GetLeWWS (I0000009)
                                                   OutPutBrightnessValue (I0000009)
                                                   OutPutHudSendCount (I0000009)
                                                   OutPutHudValue (I0000009)
                                                   OutPutSolarValue (I0000009)
                                                   OutPutTwliBriValue (I0000009)
                                                   OutdBriCntr_Counter (I0000009)
                                                   RainFunction (I0000009)
                                                   Rain_Sensitivity_Judge (I0000009)
                                                   Rain_sensitivity (I0000009)
                                                   SendRLSMPartNo10 (I0000009)
                                                   Set_BCMLightOffset (I0000009)
                                                   StandByMode (I0000009)
                                                   Standby_Judge (I0000009)
                                                   TemperatureDetect (I0000009)
                                                   Tunnel_Wipe_Decision (I0000009)
                                                   VoltageDetect (I0000009)
                                                   WipeWinterModeCheck (I0000009)
                                                   Wiper_and_Park (I0000009)
                                                   orderHUDValue (I0000009)
               CSTACK = 00000004 ( 0000000A )
    -------------------------------------------------------------------------
<XCODE> 3 (was XCODE)
  Relative segment, address: 00010413 - 000104C7 (0xb5 bytes), align: 0
  Segment part 64.
           ENTRY                   ADDRESS         REF BY
           =====                   =======         ======
           VCAST_MCDC_CONDITION_INSTRUMENTATION_POINT_BUFFERED
                                   00010413        LightFunction (I0000009)
               calls direct
               CSTACK = 00000006 ( 00000004 )
    -------------------------------------------------------------------------
<XCODE> 3 (was XCODE)
  Relative segment, address: 000104C8 - 00010591 (0xca bytes), align: 0
  Segment part 66.
           ENTRY                   ADDRESS         REF BY
           =====                   =======         ======
           VCAST_OPTIMIZED_MCDC_CONDITION_INSTRUMENTATION_POINT_BUFFERED_1
                                   000104C8        AdjustOutHudValue (I0000009)
                                                   ApplLinInit (I0000009)
                                                   ApplLinSlavePreCopy (I0000009)
                                                   CRC8SAEJ1850 (I0000009)
                                                   CalcHUDMean_1000ms (I0000009)
                                                   CopyRLSData (I0000009)
                                                   Exit_Wipe (I0000009)
                                                   GetFiveTableValue_500ms (I0000009)
                                                   GetFiveTableValue_50ms (I0000009)
                                                   GetLeWWS (I0000009)
                                                   GetLsWWS (I0000009)
                                                   GetUpdateTimeForLightStatus (I0000009)
                                                   Get_Lin_Signal_From_GetLeWWS (I0000009)
                                                   Humidity_Function (I0000009)
                                                   IsByteOddParity (I0000009)
                                                   LightFunction (I0000009)
[...]
  LIBRARY MODULE, NAME : ?strncmp

  SEGMENTS IN THE MODULE
  ======================
<XCODE> 2 (was XCODE)
  Relative segment, address: 0000F0EE - 0000F120 (0x33 bytes), align: 0
  Segment part 2.
           ENTRY                   ADDRESS         REF BY
           =====                   =======         ======
           strncmp                 0000F0EE        EndOfInput (B0000007)
                                                   StartsNewFile (B0000007)
                                                   vCAST_RUN_DATA_IF (B0000001)
               CSTACK = 00000000 ( 00000004 )

    -------------------------------------------------------------------------
  LIBRARY MODULE, NAME : ?strncpy

  SEGMENTS IN THE MODULE
  ======================
<XCODE> 1 (was XCODE)
  Relative segment, address: 00002FD8 - 00002FFE (0x27 bytes), align: 0
  Segment part 2.
           ENTRY                   ADDRESS         REF BY
           =====                   =======         ======
           strncpy                 00002FD8        VCAST_strncpy (B0000002)
               CSTACK = 00000000 ( 00000002 )

    -------------------------------------------------------------------------
  LIBRARY MODULE, NAME : ?strtoul

  SEGMENTS IN THE MODULE
  ======================
<XCODE> 2 (was XCODE)
  Relative segment, address: 0000F26C - 0000F273 (0x8 bytes), align: 0
  Segment part 2.
           ENTRY                   ADDRESS         REF BY
           =====                   =======         ======
           strtoul                 0000F26C        vCAST_RUN_DATA_IF (B0000001)
               calls direct
               CSTACK = 00000000 ( 00000002 )

    -------------------------------------------------------------------------
  LIBRARY MODULE, NAME : ?xgetmemchunk

  SEGMENTS IN THE MODULE
  ======================
<XCODE> 2 (was XCODE)
  Relative segment, address: 0000F184 - 0000F1A1 (0x1e bytes), align: 0
  Segment part 5.
           ENTRY                   ADDRESS         REF BY
           =====                   =======         ======
           __near_GetMemChunk      0000F184        __near_findmem (?xxmemxmalloc)
    -------------------------------------------------------------------------
NEAR_Z
  Relative segment, address: 000FB6A4 - 000FB6A5 (0x2 bytes), align: 1
  Segment part 2.             Intra module refs:   __near_GetMemChunk
    -------------------------------------------------------------------------
NEAR_HEAP
  Relative segment, address: 000FB836, align: 1
  Segment part 10.

    -------------------------------------------------------------------------
  LIBRARY MODULE, NAME : ?xprintfsmall

  SEGMENTS IN THE MODULE
  ======================
<XCODE> 1 (was XCODE)
  Relative segment, address: 0000274A - 00002BA4 (0x45b bytes), align: 0
  Segment part 4.
           ENTRY                   ADDRESS         REF BY
           =====                   =======         ======
           _PrintfSmall            0000274A        printf (?printf)
                                                   sprintf (?sprintf)
               calls direct
               CSTACK = 00000004 ( 00000044 )
    -------------------------------------------------------------------------
<XCODE> 1 (was XCODE)
  Relative segment, address: 00002BA5 - 00002BAA (0x6 bytes), align: 0
  Segment part 5.             Intra module refs:   _PrintfSmall
    -------------------------------------------------------------------------
<XCODE> 1 (was XCODE)
  Relative segment, address: 00002BAB - 00002BAB (0x1 bytes), align: 0
  Segment part 6.             Intra module refs:   _PutcharSmall
                                                   pad
    -------------------------------------------------------------------------
<XCODE> 1 (was XCODE)
  Relative segment, address: 00002BAC - 00002BB0 (0x5 bytes), align: 0
  Segment part 7.             Intra module refs:   Segment part 6
                                                   _PrintfSmall
                                                   _PutcharsSmall
    -------------------------------------------------------------------------
<XCODE> 1 (was XCODE)
  Relative segment, address: 00002BB1 - 00002C25 (0x75 bytes), align: 0
  Segment part 8.             Intra module refs:   _PrintfSmall
           LOCAL                   ADDRESS         
           =====                   =======         
           LoadInt                 00002BB1 
               calls direct
               CSTACK = 00000000 ( 00000010 )
    -------------------------------------------------------------------------
<XCODE> 1 (was XCODE)
  Relative segment, address: 00002C26 - 00002C60 (0x3b bytes), align: 0
  Segment part 9.             Intra module refs:   _PrintfSmall
           LOCAL                   ADDRESS         
           =====                   =======         
           pad                     00002C26 
               calls direct
               CSTACK = 00000004 ( 0000000E )
    -------------------------------------------------------------------------
<XCODE> 1 (was XCODE)
  Relative segment, address: 00002C61 - 00002DE4 (0x184 bytes), align: 0
  Segment part 10.            Intra module refs:   _PrintfSmall
           LOCAL                   ADDRESS         
           =====                   =======         
           _LitobSmall             00002C61 
               CSTACK = 00000000 ( 0000001A )
    -------------------------------------------------------------------------
<XCODE> 1 (was XCODE)
  Relative segment, address: 00002DE5 - 00002E08 (0x24 bytes), align: 0
  Segment part 11.            Intra module refs:   _PrintfSmall
                                                   _PutcharsSmall
           LOCAL                   ADDRESS         
           =====                   =======         
           _PutcharSmall           00002DE5 
               calls indirect
               CSTACK = 00000004 ( 00000004 )
    -------------------------------------------------------------------------
<XCODE> 1 (was XCODE)
  Relative segment, address: 00002E09 - 00002E37 (0x2f bytes), align: 0
  Segment part 12.            Intra module refs:   _PrintfSmall
                                                   pad
           LOCAL                   ADDRESS         
           =====                   =======         
           _PutcharsSmall          00002E09 
               calls direct
               CSTACK = 00000004 ( 00000008 )
    -------------------------------------------------------------------------
NEAR_ID
  Relative segment, address: 00000C40 - 00000C45 (0x6 bytes), align: 1
  Segment part 3.             Intra module refs:   Segment part 2
    -------------------------------------------------------------------------
NEAR_I
  Relative segment, address: 000FAF1E - 000FAF23 (0x6 bytes), align: 1
  Segment part 2.             Intra module refs:   _PrintfSmall

    -------------------------------------------------------------------------
  LIBRARY MODULE, NAME : ?xprout

  SEGMENTS IN THE MODULE
  ======================
<XCODE> 2 (was XCODE)
  Relative segment, address: 0000F1EC - 0000F200 (0x15 bytes), align: 0
  Segment part 2.
           ENTRY                   ADDRESS         REF BY
           =====                   =======         ======
           _Prout                  0000F1EC        printf (?printf)
               calls direct
               CSTACK = 00000000 ( 00000004 )

    -------------------------------------------------------------------------
  LIBRARY MODULE, NAME : ?xsprout

  SEGMENTS IN THE MODULE
  ======================
<XCODE> 2 (was XCODE)
  Relative segment, address: 0000F255 - 0000F260 (0xc bytes), align: 0
  Segment part 2.
           ENTRY                   ADDRESS         REF BY
           =====                   =======         ======
           _SProut                 0000F255        sprintf (?sprintf)
               CSTACK = 00000000 ( 00000002 )

    -------------------------------------------------------------------------
  LIBRARY MODULE, NAME : ?xstoul

  SEGMENTS IN THE MODULE
  ======================
NEAR_I
  Relative segment, address: 000FAF24 - 000FAF49 (0x26 bytes), align: 1
  Segment part 2.             Intra module refs:   __iar_Stoulx
    -------------------------------------------------------------------------
NEAR_I
  Relative segment, address: 000FAF4A - 000FAF6F (0x26 bytes), align: 1
  Segment part 4.             Intra module refs:   __iar_Stoulx
    -------------------------------------------------------------------------
<XCODE> 2 (was XCODE)
  Relative segment, address: 0000EE3E - 0000F006 (0x1c9 bytes), align: 0
  Segment part 6.             Intra module refs:   __iar_Stoul
           ENTRY                   ADDRESS         REF BY
           =====                   =======         ======
           __iar_Stoulx            0000EE3E 
               calls direct
               CSTACK = 00000002 ( 0000001E )
    -------------------------------------------------------------------------
<XCODE> 2 (was XCODE)
  Relative segment, address: 0000F007 - 0000F012 (0xc bytes), align: 0
  Segment part 7.
           ENTRY                   ADDRESS         REF BY
           =====                   =======         ======
           __iar_Stoul             0000F007        atol (?atol)
                                                   strtoul (?strtoul)
               calls direct
               CSTACK = 00000000 ( 00000004 )
    -------------------------------------------------------------------------
NEAR_ID
  Relative segment, address: 00000C46 - 00000C6B (0x26 bytes), align: 1
  Segment part 3.             Intra module refs:   Segment part 2
    -------------------------------------------------------------------------
NEAR_ID
  Relative segment, address: 00000C6C - 00000C91 (0x26 bytes), align: 1
  Segment part 5.             Intra module refs:   Segment part 4

    -------------------------------------------------------------------------
  LIBRARY MODULE, NAME : ?xxmemxfree

  SEGMENTS IN THE MODULE
  ======================
<XCODE> 1 (was XCODE)
  Relative segment, address: 00002F20 - 00002FD7 (0xb8 bytes), align: 0
  Segment part 2.
           ENTRY                   ADDRESS         REF BY
           =====                   =======         ======
           __near_free             00002F20        __near_findmem (?xxmemxmalloc)
                                                   free (B0000007)
               CSTACK = 00000000 ( 0000000A )

    -------------------------------------------------------------------------
  LIBRARY MODULE, NAME : ?xxmemxmalloc

  SEGMENTS IN THE MODULE
  ======================
NEAR_Z
  Relative segment, address: 000FB6A6 - 000FB6A9 (0x4 bytes), align: 1
  Segment part 2.             Intra module refs:   __near_findmem
                                                   __near_malloc
           ENTRY                   ADDRESS         REF BY
           =====                   =======         ======
           __near_Aldata           000FB6A6        __near_free (?xxmemxfree)
    -------------------------------------------------------------------------
<XCODE> 1 (was XCODE)
  Relative segment, address: 00002E38 - 00002E9C (0x65 bytes), align: 0
  Segment part 5.             Intra module refs:   __near_malloc
           LOCAL                   ADDRESS         
           =====                   =======         
           __near_findmem          00002E38 
               calls direct
               CSTACK = 00000000 ( 00000006 )
    -------------------------------------------------------------------------
<XCODE> 1 (was XCODE)
  Relative segment, address: 00002E9D - 00002F1F (0x83 bytes), align: 0
  Segment part 16.
           ENTRY                   ADDRESS         REF BY
           =====                   =======         ======
           __near_malloc           00002E9D        malloc (B0000002)
               calls direct
               CSTACK = 00000000 ( 00000008 )

    *************************************************************************

  DEFINED ABSOLUTE ENTRIES
  PROGRAM MODULE, NAME : ?FILLER_BYTES

  SEGMENTS IN THE MODULE
  ======================
INTVEC
  Common segment, address: 00000000 - 00000001 (0x2 bytes), align: 0
  Segment part 5.
    -------------------------------------------------------------------------
?FILL5
  Relative segment, address: 00011F75 - 0003FDFF (0x2de8b bytes), align: 0
  Segment part 4.
    -------------------------------------------------------------------------
?FILL4
  Relative segment, address: 0000F27F - 0000FFFF (0xd81 bytes), align: 0
  Segment part 3.
    -------------------------------------------------------------------------
?FILL3
  Relative segment, address: 00002FFF - 00002FFF (0x1 bytes), align: 0
  Segment part 2.
    -------------------------------------------------------------------------
?FILL2
  Relative segment, address: 00000082 - 000000BF (0x3e bytes), align: 0
  Segment part 1.
    -------------------------------------------------------------------------
?FILL1
  Relative segment, address: 00000002 - 0000007F (0x7e bytes), align: 0
  Segment part 0.




                ****************************************
                *                                      *
                *            MODULE SUMMARY            *
                *                                      *
                ****************************************

Module                       CODE      DATA         CONST
------                       ----      ----         -----
                            (Rel)   (Rel)  (Abs)    (Rel)
?CAST_LLU2L                     6
?CSTARTUP                      49
  + common                      2
?FCMP_LT                       77
?FILLER_BYTES               3 646                 188 043
  + common                      2
?FLOAT_2_SIGNED_LONG          107
?FLOAT_ADD_SUB                604
?FLOAT_DIV                    376
?FLOAT_MUL                    341
?FUNCTION_LEAVE_L06            40
?INT_DIV_MOD_L02               53
?INT_LSH_L02                   11
?INT_NEGATE_DIV_MOD_L02        24
?INT_SSWITCH_L10               33
?INT_VSWITCH_L10               72
?LL_CASTS                      25
?LL_CASTU                      12
?LONG_DIV_L03                 141
?LONG_FLOAT_DEALLOC_L06        22
?LONG_IOR_L03                  33
?LONG_LOAD_DIV_MOD_L03         16
?LONG_LSH_L03                  24
?LONG_MUL_FAST_L03             35
?LONG_NEGATE2_DIV_MOD_L03      24
?LONG_NEGATE_DIV_MOD_L03       23
?LONG_NEG_L03                  31
?MEMCPY_NEAR                   10
?MOVE_LONG_OBJECT_L06          48
?SIGNED_LONG_2_FLOAT          105
?SINT_CMP_L02                  12
?SINT_DIV_L02                  24
?SINT_MOD_L02                  24
?SINT_RSH_L02                  12
?SLONG_CMP_L03                 51
?SLONG_DIV_L03                 59
?STRCMP_NEAR                   21
?STR_CPY_NEAR                  10
?SUBN_ARG                      11
?UCHAR_DIVUW_L01               16
?UCHAR_DIV_MOD_L01             38
?ULONG_CMP_L03                 29
?ULONG_RSH_L03                 28
?WRKSEG_DEFINE_L09                      4
?__INIT_NEAR_I                 26
?__INIT_NEAR_Z                 19
?__INIT_WRKSEG                 11
?__MAIN_CALL                    8
?__dbg_break                    3
?__dwrite                      26
?__exit                        17
?__low_level_init_stub          4
?__write                       16
?_exit                          6
?atol                          11
?errno                                  2
?exit                           4
?memchr                        21
?memset                        21
?printf                        35
?putchar                       33
?setjmp                        19
?sprintf                       59
?strcat                        27
?strchr                        16
?strlen                        14
?strncmp                       51
?strncpy                       39
?strtoul                        8
?xgetmemchunk                  30       2
?xprintfsmall               1 774       6               6
?xprout                        21
?xsprout                       12
?xstoul                       469      76              76
?xxmemxfree                   184
?xxmemxmalloc                 232       4
B0000001                    3 177     436             143
B0000002                    8 053     680             342
B0000004                       98       2               2
B0000007                    2 305     313             176
B0000008                    1 386     126             118
B1_switch                   1 080                     182
B4_switch                      62
I0000009                   43 648   1 571      2    1 948
S0000003                      806     879             217
S3_switch                      31
vcast_stdin_data                      168             168
N/A (command line)                  2 048
N/A (alignment)                    -1 908
----------                 ------   -----      -  -------
Total:                     70 185   4 409      2  191 421
  + common                      2


                ****************************************
                *                                      *
                *      SEGMENTS IN ADDRESS ORDER       *
                *                                      *
                ****************************************


SEGMENT              SPACE    START ADDRESS   END ADDRESS     SIZE  TYPE  ALIGN
=======              =====    =============   ===========     ====  ====  =====
__aseg                                  00000000                     rel    0
INTVEC                             00000000 - 00000001           2   com    1
?FILL1                             00000002 - 0000007F          7E   rel    0
CLTVEC                             00000080 - 00000081           2   rel    1
?FILL2                             00000082 - 000000BF          3E   rel    0
RCODE                              000000D8 - 00000B92         ABB   rel    0
CODE                               00000B93 - 00000C21          8F   rel    0
NEAR_ID                            00000C22 - 00000C95          74   rel    1
<FSWITCH> 1                        00000C96 - 000011DF         54A   rel    1
<XCODE> 1                          000011E0 - 00002FFE        1E1F   rel    0
?FILL3                             00002FFF - 00002FFF           1   rel    0
NEAR_CONST_ID                      00003000 - 00003773         774   rel    1
<XCODE> 2                          00003774 - 0000F27E        BB0B   rel    0
?FILL4                             0000F27F - 0000FFFF         D81   rel    0
<XCODE> 3                          00010000 - 00011F74        1F75   rel    0
?FILL5                             00011F75 - 0003FDFF       2DE8B   rel    0
NEAR_CONST                         000F3000 - 000F3773         774   rel    1
NEAR_I                             000FAF00 - 000FAF73          74   rel    1
NEAR_Z                             000FAF74 - 000FB834         8C1   rel    1
FAR_Z                                   000FB835                     rel    0
HUGE_Z                                  000FB835                     rel    0
NEAR_HEAP                          000FB836 - 000FBC35         400   rel    1
CSTACK                             000FBC36 - 000FC035         400   rel    1
WRKSEG                             000FFE20 - 000FFE23           4   rel    1
NEAR_A                             000FFFD4 - 000FFFD5           2   rel    0

                ****************************************
                *                                      *
                *        END OF CROSS REFERENCE        *
                *                                      *
                ****************************************

 66 541 bytes of CODE  memory (+              3 646 range fill )
  4 409 bytes of DATA  memory (+ 2 absolute )
  3 378 bytes of CONST memory (+            188 043 range fill )

Errors: none
Warnings: none

